// Jest Snapshot v1, https://goo.gl/fbAQLP

exports[`Home check the snapshot 1`] = `
<DocumentFragment>
  <div>
    Home page
  </div>
</DocumentFragment>
`;
